10:03:35.348 [main] INFO  i.g.bonigarcia.wdm.WebDriverManager - Using chromedriver 144.0.7559.96 (resolved driver for Chrome 144)
10:03:35.377 [main] INFO  i.g.bonigarcia.wdm.WebDriverManager - Exporting webdriver.chrome.driver as C:\Users\User\.cache\selenium\chromedriver\win64\144.0.7559.96\chromedriver.exe
10:03:36.888 [main] INFO  o.e.m.с.FormSubmissionTests - Starting test 'sendingValidValues()'.
10:03:38.791 [main] INFO  o.e.m.с.FormSubmissionTests - Test 'sendingValidValues()' passed.
